         ps       /mp3_tb/dut/cpu_d/dcache_address     /mp3_tb/dut/cpu_d/dcache_rdata                   
          delta                                           /mp3_tb/dut/cpu_d/dcache_read                 
                                                             /mp3_tb/dut/cpu_d/dcache_write             
                                                                  /mp3_tb/dut/cpu_d/dcache_wdata        
          0  +0                               xxxx                               xxxx x StX xxxx 
          0  +2                               xxxx                               xxxx 0 St0 0000 
     295000  +4                               001c                               0000 1 St0 001c 
     375000  +4                               0038                               0000 0 St0 001c 
     455000  +4                               001e                               0000 1 St0 0000 
     465000  +4                               0038                               0070 0 St0 001c 
     585000  +4                               0020                               0000 1 St0 0070 
     655000  +4                               0038                               000a 0 St0 001c 
    1265000  +4                               003a                               0000 0 St1 01e0 
    1335000  +4                               0038                               01e0 0 St0 001c 
    1395000  +4                               0022                               0000 1 St0 0076 
    1405000  +4                               0038                               270f 0 St0 001c 
    1525000  +4                               0024                               0000 1 St0 0000 
    1535000  +4                               0038                               002a 0 St0 001c 
    1915000  +4                               003c                               0000 0 St1 000a 
    1925000  +4                               0038                               000a 0 St0 001c 
    2045000  +4                               0026                               0000 1 St0 000a 
    2055000  +4                               0038                               bac8 0 St0 001c 
    2305000  +4                               003e                               0000 0 St1 4537 
    2315000  +4                               0038                               4537 0 St0 001c 
    2375000  +4                               002e                               0000 1 St0 270f 
    2385000  +4                               0038                               0d0d 0 St0 001c 
    3355000  +4                               0030                               0000 1 St0 a342 
    3365000  +4                               0038                               9884 0 St0 001c 
    3615000  +4                               0040                               0000 0 St1 a342 
    3685000  +4                               0038                               a342 0 St0 001c 
    3775000  +4                               0042                               0000 0 St1 01a1 
    3785000  +4                               0038                               01a1 0 St0 001c 
    3905000  +4                               0044                               0000 0 St1 fe62 
    3915000  +4                               0038                               fe62 0 St0 001c 
    4165000  +4                               0048                               0000 0 St1 0046 
    4175000  +4                               0038                               0046 0 St0 001c 
    4365000  +4                               0048                               0000 1 St0 fe6f 
    4375000  +6                               0048                               0046 0 St1 fe6f 
    4385000  +4                               0000                               fe6f 0 St0 001c 
    4495000  +4                               002a                               0000 1 St0 4537 
    4505000  +4                               0038                               0003 0 St0 001c 
    4625000  +4                               0028                               0000 1 St0 000a 
    4635000  +4                               0038                               0007 0 St0 001c 
    6965000  +4                               0048                               0000 0 St1 001a 
    6975000  +4                               0038                               001a 0 St0 001c 
    7095000  +4                               001c                               0000 1 St0 001c 
    7105000  +4                               0038                               0000 0 St0 001c 
    7545000  +4                               004a                               0000 0 St1 fcff 
    7555000  +4                               0038                               fcff 0 St0 001c 
    8045000  +4                               004c                               0000 0 St1 000d 
    8055000  +4                               0038                               000d 0 St0 001c 
    8175000  +4                               002c                               0000 1 St0 001c 
    8185000  +4                               0038                               0bad 0 St0 001c 
    8245000  +4                               0bc9                               0000 1 St0 0bad 
    8325000  +4                               0000                               042c 0 St0 001c 
    8425000  +4                               0032                               0000 1 St0 0352 
    8435000  +4                               0038                               ae85 0 St0 001c 
    8815000  +4                               0034                               0000 1 St0 01a1 
    8825000  +4                               0038                               5460 0 St0 001c 
    9185000  +4                               004e                               0000 0 St1 517a 
    9195000  +4                               0038                               517a 0 St0 001c 
    9705000  +4                               0032                               0000 1 St0 fcff 
    9715000  +4                               0038                               ae85 0 St0 001c 
    9835000  +4                               0027                               0000 1 St0 fcff 
    9845000  +4                               0038                               bac8 0 St0 001c 
   10035000  +4                               0050                               0000 0 St1 013f 
   10045000  +4                               0038                               013f 0 St0 001c 
   10665000  +4                               0427                               0000 0 St1 9090 
   10735000  +4                               0038                               9000 0 St0 001c 
   10795000  +4                               0426                               0000 0 St1 b8b8 
   10805000  +4                               0038                               90b8 0 St0 001c 
   10925000  +4                               0426                               0000 1 St0 0424 
   10935000  +4                               0038                               90b8 0 St0 001c 
   11055000  +4                               0052                               0000 0 St1 90b8 
   11065000  +4                               0038                               90b8 0 St0 001c 
   11315000  +4                               0056                               0000 0 St1 0424 
   11325000  +4                               0038                               0424 0 St0 001c 
   11445000  +4                               0056                               0000 1 St0 517a 
   11465000  +4                               0646                               0646 0 St0 001c 
   11585000  +4                               0054                               0000 0 St1 0646 
   11595000  +4                               0038                               0646 0 St0 001c 
   11785000  +4                               0528                               0000 1 St0 001c 
   11865000  +4                               0038                               126c 0 St0 001c 
   12335000  +4                               0058                               0000 0 St1 000c 
   12345000  +4                               0038                               000c 0 St0 001c 
   12595000  +4                               0033                               0000 1 St0 0646 
   12605000  +4                               0038                               ae85 0 St0 001c 
   12795000  +4                               0426                               0000 0 St1 ae85 
   12805000  +4                               0038                               ae85 0 St0 001c 
   12925000  +4                               0032                               0000 1 St0 ae85 
   12935000  +4                               0038                               ae85 0 St0 001c 
   13215000  +4                               002c                               0000 1 St0 001c 
   13285000  +4                               0038                               0bad 0 St0 001c 
   13645000  +4                               0034                               0000 1 St0 0528 
   13655000  +4                               0038                               5460 0 St0 001c 
   14075000  +4                               0428                               0000 0 St1 600d 
   14085000  +4                               0038                               600d 0 St0 001c 
   14695000  +4                               042a                               0000 0 St1 001e 
   14705000  +4                               0038                               001e 0 St0 001c 
   14955000  +4                               0800                               0000 1 St0 0528 
   15025000  +4                               0038                               001c 0 St0 001c 
   15085000  +4                               003a                               0000 1 St0 05c4 
   15095000  +4                               0038                               01e0 0 St0 001c 
   15155000  +4                               003c                               0000 1 St0 01e0 
   15165000  +4                               03c0                               000a 0 St0 01e0 
   16105000  +4                               01fa                               0000 1 St0 01ea 
   16175000  +4                               03d4                               0000 0 St0 01ea 
   16295000  +4                               01f0                               0000 1 St0 001c 
   16305000  +4                               03d4                               0000 0 St0 01ea 
   16425000  +4                               01f2                               0000 1 St0 01ea 
   16435000  +4                               03d4                               0000 0 St0 01ea 
   16555000  +4                               01f6                               0000 1 St0 001c 
   16565000  +4                               03d4                               0000 0 St0 01ea 
   16685000  +4                               01ea                               0000 1 St0 01ea 
   16755000  +4                               03d4                               0000 0 St0 01ea 
