Analysis & Synthesis report for mp1
Fri Sep 15 20:28:03 2017
Quartus II 32-bit Version 13.1.4 Build 182 03/12/2014 SJ Full Version


---------------------
; Table of Contents ;
---------------------
  1. Legal Notice
  2. Analysis & Synthesis Summary
  3. Analysis & Synthesis Settings
  4. Parallel Compilation
  5. Analysis & Synthesis Source Files Read
  6. Analysis & Synthesis Resource Usage Summary
  7. Analysis & Synthesis Resource Utilization by Entity
  8. State Machine - |mp1|control:Control|state
  9. Registers Removed During Synthesis
 10. General Register Statistics
 11. Multiplexer Restructuring Statistics (Restructuring Performed)
 12. Parameter Settings for User Entity Instance: datapath:Datapath|mux2:storemux
 13. Parameter Settings for User Entity Instance: datapath:Datapath|mux4:pcmux
 14. Parameter Settings for User Entity Instance: datapath:Datapath|plus2:_plus2
 15. Parameter Settings for User Entity Instance: datapath:Datapath|register:pc
 16. Parameter Settings for User Entity Instance: datapath:Datapath|adder:_adder
 17. Parameter Settings for User Entity Instance: datapath:Datapath|adj:ADJ11
 18. Parameter Settings for User Entity Instance: datapath:Datapath|adj:ADJ9
 19. Parameter Settings for User Entity Instance: datapath:Datapath|adder:_adder2
 20. Parameter Settings for User Entity Instance: datapath:Datapath|mux3:marmux
 21. Parameter Settings for User Entity Instance: datapath:Datapath|register:MAR
 22. Parameter Settings for User Entity Instance: datapath:Datapath|mux2:mdrmux
 23. Parameter Settings for User Entity Instance: datapath:Datapath|register:MDR
 24. Parameter Settings for User Entity Instance: datapath:Datapath|mux4:regfilemux
 25. Parameter Settings for User Entity Instance: datapath:Datapath|register:CC
 26. Parameter Settings for User Entity Instance: datapath:Datapath|cccomp:CCCOMP
 27. Parameter Settings for User Entity Instance: datapath:Datapath|adj:ADJ6
 28. Parameter Settings for User Entity Instance: datapath:Datapath|adj_imm:adj6_no_shift
 29. Parameter Settings for User Entity Instance: datapath:Datapath|mux2:adjmux
 30. Parameter Settings for User Entity Instance: datapath:Datapath|mux3:alumux
 31. Parameter Settings for User Entity Instance: datapath:Datapath|adj_imm:ADJ5
 32. Parameter Settings for User Entity Instance: datapath:Datapath|mask:Mask
 33. Parameter Settings for User Entity Instance: datapath:Datapath|stb_shifter:alu_out_to_mdrmux
 34. Elapsed Time Per Partition
 35. Analysis & Synthesis Messages
 36. Analysis & Synthesis Suppressed Messages



----------------
; Legal Notice ;
----------------
Copyright (C) 1991-2014 Altera Corporation
Your use of Altera Corporation's design tools, logic functions 
and other software and tools, and its AMPP partner logic 
functions, and any output files from any of the foregoing 
(including device programming or simulation files), and any 
associated documentation or information are expressly subject 
to the terms and conditions of the Altera Program License 
Subscription Agreement, Altera MegaCore Function License 
Agreement, or other applicable license agreement, including, 
without limitation, that your use is for the sole purpose of 
programming logic devices manufactured by Altera and sold by 
Altera or its authorized distributors.  Please refer to the 
applicable agreement for further details.



+-----------------------------------------------------------------------------+
; Analysis & Synthesis Summary                                                ;
+-------------------------------+---------------------------------------------+
; Analysis & Synthesis Status   ; Successful - Fri Sep 15 20:28:03 2017       ;
; Quartus II 32-bit Version     ; 13.1.4 Build 182 03/12/2014 SJ Full Version ;
; Revision Name                 ; mp1                                         ;
; Top-level Entity Name         ; mp1                                         ;
; Family                        ; Stratix III                                 ;
; Logic utilization             ; N/A                                         ;
;     Combinational ALUTs       ; 524                                         ;
;     Memory ALUTs              ; 0                                           ;
;     Dedicated logic registers ; 227                                         ;
; Total registers               ; 227                                         ;
; Total pins                    ; 54                                          ;
; Total virtual pins            ; 0                                           ;
; Total block memory bits       ; 0                                           ;
; DSP block 18-bit elements     ; 0                                           ;
; Total PLLs                    ; 0                                           ;
; Total DLLs                    ; 0                                           ;
+-------------------------------+---------------------------------------------+


+---------------------------------------------------------------------------------------------------------------------------+
; Analysis & Synthesis Settings                                                                                             ;
+---------------------------------------------------------------------------------+--------------------+--------------------+
; Option                                                                          ; Setting            ; Default Value      ;
+---------------------------------------------------------------------------------+--------------------+--------------------+
; Device                                                                          ; EP3SE50F780C2      ;                    ;
; Top-level entity name                                                           ; mp1                ; mp1                ;
; Family name                                                                     ; Stratix III        ; Cyclone IV GX      ;
; Use smart compilation                                                           ; Off                ; Off                ;
; Enable parallel Assembler and TimeQuest Timing Analyzer during compilation      ; On                 ; On                 ;
; Enable compact report table                                                     ; Off                ; Off                ;
; Restructure Multiplexers                                                        ; Auto               ; Auto               ;
; MLAB Add Timing Constraints For Mixed-Port Feed-Through Mode Setting Don't Care ; Off                ; Off                ;
; Create Debugging Nodes for IP Cores                                             ; Off                ; Off                ;
; Preserve fewer node names                                                       ; On                 ; On                 ;
; Disable OpenCore Plus hardware evaluation                                       ; Off                ; Off                ;
; Verilog Version                                                                 ; Verilog_2001       ; Verilog_2001       ;
; VHDL Version                                                                    ; VHDL_1993          ; VHDL_1993          ;
; State Machine Processing                                                        ; Auto               ; Auto               ;
; Safe State Machine                                                              ; Off                ; Off                ;
; Extract Verilog State Machines                                                  ; On                 ; On                 ;
; Extract VHDL State Machines                                                     ; On                 ; On                 ;
; Ignore Verilog initial constructs                                               ; Off                ; Off                ;
; Iteration limit for constant Verilog loops                                      ; 5000               ; 5000               ;
; Iteration limit for non-constant Verilog loops                                  ; 250                ; 250                ;
; Add Pass-Through Logic to Inferred RAMs                                         ; On                 ; On                 ;
; Infer RAMs from Raw Logic                                                       ; On                 ; On                 ;
; Parallel Synthesis                                                              ; On                 ; On                 ;
; DSP Block Balancing                                                             ; Auto               ; Auto               ;
; NOT Gate Push-Back                                                              ; On                 ; On                 ;
; Power-Up Don't Care                                                             ; On                 ; On                 ;
; Remove Redundant Logic Cells                                                    ; Off                ; Off                ;
; Remove Duplicate Registers                                                      ; On                 ; On                 ;
; Ignore CARRY Buffers                                                            ; Off                ; Off                ;
; Ignore CASCADE Buffers                                                          ; Off                ; Off                ;
; Ignore GLOBAL Buffers                                                           ; Off                ; Off                ;
; Ignore ROW GLOBAL Buffers                                                       ; Off                ; Off                ;
; Ignore LCELL Buffers                                                            ; Off                ; Off                ;
; Ignore SOFT Buffers                                                             ; On                 ; On                 ;
; Limit AHDL Integers to 32 Bits                                                  ; Off                ; Off                ;
; Optimization Technique                                                          ; Balanced           ; Balanced           ;
; Carry Chain Length                                                              ; 70                 ; 70                 ;
; Auto Carry Chains                                                               ; On                 ; On                 ;
; Auto Open-Drain Pins                                                            ; On                 ; On                 ;
; Perform WYSIWYG Primitive Resynthesis                                           ; Off                ; Off                ;
; Auto ROM Replacement                                                            ; On                 ; On                 ;
; Auto RAM Replacement                                                            ; On                 ; On                 ;
; Auto DSP Block Replacement                                                      ; On                 ; On                 ;
; Auto Shift Register Replacement                                                 ; Auto               ; Auto               ;
; Allow Shift Register Merging across Hierarchies                                 ; Auto               ; Auto               ;
; Auto Clock Enable Replacement                                                   ; On                 ; On                 ;
; Strict RAM Replacement                                                          ; Off                ; Off                ;
; Allow Synchronous Control Signals                                               ; On                 ; On                 ;
; Force Use of Synchronous Clear Signals                                          ; Off                ; Off                ;
; Auto RAM Block Balancing                                                        ; On                 ; On                 ;
; Auto RAM to Logic Cell Conversion                                               ; Off                ; Off                ;
; Auto Resource Sharing                                                           ; Off                ; Off                ;
; Allow Any RAM Size For Recognition                                              ; Off                ; Off                ;
; Allow Any ROM Size For Recognition                                              ; Off                ; Off                ;
; Allow Any Shift Register Size For Recognition                                   ; Off                ; Off                ;
; Use LogicLock Constraints during Resource Balancing                             ; On                 ; On                 ;
; Ignore translate_off and synthesis_off directives                               ; Off                ; Off                ;
; Timing-Driven Synthesis                                                         ; On                 ; On                 ;
; Report Parameter Settings                                                       ; On                 ; On                 ;
; Report Source Assignments                                                       ; On                 ; On                 ;
; Report Connectivity Checks                                                      ; On                 ; On                 ;
; Ignore Maximum Fan-Out Assignments                                              ; Off                ; Off                ;
; Synchronization Register Chain Length                                           ; 2                  ; 2                  ;
; PowerPlay Power Optimization                                                    ; Normal compilation ; Normal compilation ;
; HDL message level                                                               ; Level2             ; Level2             ;
; Suppress Register Optimization Related Messages                                 ; Off                ; Off                ;
; Number of Removed Registers Reported in Synthesis Report                        ; 5000               ; 5000               ;
; Number of Swept Nodes Reported in Synthesis Report                              ; 5000               ; 5000               ;
; Number of Inverted Registers Reported in Synthesis Report                       ; 100                ; 100                ;
; Clock MUX Protection                                                            ; On                 ; On                 ;
; Auto Gated Clock Conversion                                                     ; Off                ; Off                ;
; Block Design Naming                                                             ; Auto               ; Auto               ;
; SDC constraint protection                                                       ; Off                ; Off                ;
; Synthesis Effort                                                                ; Auto               ; Auto               ;
; Shift Register Replacement - Allow Asynchronous Clear Signal                    ; On                 ; On                 ;
; Pre-Mapping Resynthesis Optimization                                            ; Off                ; Off                ;
; Analysis & Synthesis Message Level                                              ; Medium             ; Medium             ;
; Disable Register Merging Across Hierarchies                                     ; Auto               ; Auto               ;
; Resource Aware Inference For Block RAM                                          ; On                 ; On                 ;
; Synthesis Seed                                                                  ; 1                  ; 1                  ;
+---------------------------------------------------------------------------------+--------------------+--------------------+


+------------------------------------------+
; Parallel Compilation                     ;
+----------------------------+-------------+
; Processors                 ; Number      ;
+----------------------------+-------------+
; Number detected on machine ; 4           ;
; Maximum allowed            ; 4           ;
;                            ;             ;
; Average used               ; 1.00        ;
; Maximum used               ; 4           ;
;                            ;             ;
; Usage by Processor         ; % Time Used ;
;     Processor 1            ; 100.0%      ;
;     Processors 2-4         ; < 0.1%      ;
+----------------------------+-------------+


+--------------------------------------------------------------------------------------------------------------------------------------+
; Analysis & Synthesis Source Files Read                                                                                               ;
+----------------------------------+-----------------+------------------------------+----------------------------------------+---------+
; File Name with User-Entered Path ; Used in Netlist ; File Type                    ; File Name with Absolute Path           ; Library ;
+----------------------------------+-----------------+------------------------------+----------------------------------------+---------+
; lc3b_types.sv                    ; yes             ; User SystemVerilog HDL File  ; /home/zpaya2/ece411/mp1/lc3b_types.sv  ;         ;
; adj.sv                           ; yes             ; User SystemVerilog HDL File  ; /home/zpaya2/ece411/mp1/adj.sv         ;         ;
; alu.sv                           ; yes             ; User SystemVerilog HDL File  ; /home/zpaya2/ece411/mp1/alu.sv         ;         ;
; control.sv                       ; yes             ; User SystemVerilog HDL File  ; /home/zpaya2/ece411/mp1/control.sv     ;         ;
; datapath.sv                      ; yes             ; User SystemVerilog HDL File  ; /home/zpaya2/ece411/mp1/datapath.sv    ;         ;
; gencc.sv                         ; yes             ; User SystemVerilog HDL File  ; /home/zpaya2/ece411/mp1/gencc.sv       ;         ;
; ir.sv                            ; yes             ; User SystemVerilog HDL File  ; /home/zpaya2/ece411/mp1/ir.sv          ;         ;
; mp1.sv                           ; yes             ; User SystemVerilog HDL File  ; /home/zpaya2/ece411/mp1/mp1.sv         ;         ;
; plus2.sv                         ; yes             ; User SystemVerilog HDL File  ; /home/zpaya2/ece411/mp1/plus2.sv       ;         ;
; regfile.sv                       ; yes             ; User SystemVerilog HDL File  ; /home/zpaya2/ece411/mp1/regfile.sv     ;         ;
; register.sv                      ; yes             ; User SystemVerilog HDL File  ; /home/zpaya2/ece411/mp1/register.sv    ;         ;
; mux2.sv                          ; yes             ; User SystemVerilog HDL File  ; /home/zpaya2/ece411/mp1/mux2.sv        ;         ;
; adder.sv                         ; yes             ; User SystemVerilog HDL File  ; /home/zpaya2/ece411/mp1/adder.sv       ;         ;
; cccomp.sv                        ; yes             ; User SystemVerilog HDL File  ; /home/zpaya2/ece411/mp1/cccomp.sv      ;         ;
; adj_imm.sv                       ; yes             ; User SystemVerilog HDL File  ; /home/zpaya2/ece411/mp1/adj_imm.sv     ;         ;
; mux3.sv                          ; yes             ; User SystemVerilog HDL File  ; /home/zpaya2/ece411/mp1/mux3.sv        ;         ;
; mux4.sv                          ; yes             ; User SystemVerilog HDL File  ; /home/zpaya2/ece411/mp1/mux4.sv        ;         ;
; mask.sv                          ; yes             ; User SystemVerilog HDL File  ; /home/zpaya2/ece411/mp1/mask.sv        ;         ;
; truncator.sv                     ; yes             ; User SystemVerilog HDL File  ; /home/zpaya2/ece411/mp1/truncator.sv   ;         ;
; stb_shifter.sv                   ; yes             ; User SystemVerilog HDL File  ; /home/zpaya2/ece411/mp1/stb_shifter.sv ;         ;
+----------------------------------+-----------------+------------------------------+----------------------------------------+---------+


+-----------------------------------------------------------+
; Analysis & Synthesis Resource Usage Summary               ;
+-----------------------------------------------+-----------+
; Resource                                      ; Usage     ;
+-----------------------------------------------+-----------+
; Estimated ALUTs Used                          ; 524       ;
;     -- Combinational ALUTs                    ; 524       ;
;     -- Memory ALUTs                           ; 0         ;
;     -- LUT_REGs                               ; 0         ;
; Dedicated logic registers                     ; 227       ;
;                                               ;           ;
; Estimated ALUTs Unavailable                   ; 105       ;
;     -- Due to unpartnered combinational logic ; 105       ;
;     -- Due to Memory ALUTs                    ; 0         ;
;                                               ;           ;
; Total combinational functions                 ; 524       ;
; Combinational ALUT usage by number of inputs  ;           ;
;     -- 7 input functions                      ; 69        ;
;     -- 6 input functions                      ; 122       ;
;     -- 5 input functions                      ; 112       ;
;     -- 4 input functions                      ; 61        ;
;     -- <=3 input functions                    ; 160       ;
;                                               ;           ;
; Combinational ALUTs by mode                   ;           ;
;     -- normal mode                            ; 378       ;
;     -- extended LUT mode                      ; 69        ;
;     -- arithmetic mode                        ; 77        ;
;     -- shared arithmetic mode                 ; 0         ;
;                                               ;           ;
; Estimated ALUT/register pairs used            ; 738       ;
;                                               ;           ;
; Total registers                               ; 227       ;
;     -- Dedicated logic registers              ; 227       ;
;     -- I/O registers                          ; 0         ;
;     -- LUT_REGs                               ; 0         ;
;                                               ;           ;
;                                               ;           ;
; I/O pins                                      ; 54        ;
; DSP block 18-bit elements                     ; 0         ;
; Maximum fan-out node                          ; clk~input ;
; Maximum fan-out                               ; 227       ;
; Total fan-out                                 ; 3287      ;
; Average fan-out                               ; 3.83      ;
+-----------------------------------------------+-----------+


+------------------------------------------------------------------------------------------------------------------------------------------------------------------------------------------------------------------------------+
; Analysis & Synthesis Resource Utilization by Entity                                                                                                                                                                          ;
+----------------------------+-------------------+--------------+-------------------+--------------+---------+-----------+-----------+-----------+------+--------------+----------------------------------------+--------------+
; Compilation Hierarchy Node ; LC Combinationals ; LC Registers ; Block Memory Bits ; DSP Elements ; DSP 9x9 ; DSP 12x12 ; DSP 18x18 ; DSP 36x36 ; Pins ; Virtual Pins ; Full Hierarchy Name                    ; Library Name ;
+----------------------------+-------------------+--------------+-------------------+--------------+---------+-----------+-----------+-----------+------+--------------+----------------------------------------+--------------+
; |mp1                       ; 524 (0)           ; 227 (0)      ; 0                 ; 0            ; 0       ; 0         ; 0         ; 0         ; 54   ; 0            ; |mp1                                   ; work         ;
;    |control:Control|       ; 59 (59)           ; 32 (32)      ; 0                 ; 0            ; 0       ; 0         ; 0         ; 0         ; 0    ; 0            ; |mp1|control:Control                   ; work         ;
;    |datapath:Datapath|     ; 465 (0)           ; 195 (0)      ; 0                 ; 0            ; 0       ; 0         ; 0         ; 0         ; 0    ; 0            ; |mp1|datapath:Datapath                 ; work         ;
;       |adder:_adder2|      ; 15 (15)           ; 0 (0)        ; 0                 ; 0            ; 0       ; 0         ; 0         ; 0         ; 0    ; 0            ; |mp1|datapath:Datapath|adder:_adder2   ; work         ;
;       |adder:_adder|       ; 15 (15)           ; 0 (0)        ; 0                 ; 0            ; 0       ; 0         ; 0         ; 0         ; 0    ; 0            ; |mp1|datapath:Datapath|adder:_adder    ; work         ;
;       |alu:ALU_IMM|        ; 16 (16)           ; 0 (0)        ; 0                 ; 0            ; 0       ; 0         ; 0         ; 0         ; 0    ; 0            ; |mp1|datapath:Datapath|alu:ALU_IMM     ; work         ;
;       |alu:ALU|            ; 208 (208)         ; 0 (0)        ; 0                 ; 0            ; 0       ; 0         ; 0         ; 0         ; 0    ; 0            ; |mp1|datapath:Datapath|alu:ALU         ; work         ;
;       |cccomp:CCCOMP|      ; 1 (1)             ; 0 (0)        ; 0                 ; 0            ; 0       ; 0         ; 0         ; 0         ; 0    ; 0            ; |mp1|datapath:Datapath|cccomp:CCCOMP   ; work         ;
;       |gencc:GENCC|        ; 6 (6)             ; 0 (0)        ; 0                 ; 0            ; 0       ; 0         ; 0         ; 0         ; 0    ; 0            ; |mp1|datapath:Datapath|gencc:GENCC     ; work         ;
;       |ir:IR|              ; 3 (3)             ; 16 (16)      ; 0                 ; 0            ; 0       ; 0         ; 0         ; 0         ; 0    ; 0            ; |mp1|datapath:Datapath|ir:IR           ; work         ;
;       |mask:Mask|          ; 4 (4)             ; 0 (0)        ; 0                 ; 0            ; 0       ; 0         ; 0         ; 0         ; 0    ; 0            ; |mp1|datapath:Datapath|mask:Mask       ; work         ;
;       |mux2:storemux|      ; 3 (3)             ; 0 (0)        ; 0                 ; 0            ; 0       ; 0         ; 0         ; 0         ; 0    ; 0            ; |mp1|datapath:Datapath|mux2:storemux   ; work         ;
;       |mux3:alumux|        ; 20 (20)           ; 0 (0)        ; 0                 ; 0            ; 0       ; 0         ; 0         ; 0         ; 0    ; 0            ; |mp1|datapath:Datapath|mux3:alumux     ; work         ;
;       |mux3:marmux|        ; 16 (16)           ; 0 (0)        ; 0                 ; 0            ; 0       ; 0         ; 0         ; 0         ; 0    ; 0            ; |mp1|datapath:Datapath|mux3:marmux     ; work         ;
;       |mux4:pcmux|         ; 15 (15)           ; 0 (0)        ; 0                 ; 0            ; 0       ; 0         ; 0         ; 0         ; 0    ; 0            ; |mp1|datapath:Datapath|mux4:pcmux      ; work         ;
;       |mux4:regfilemux|    ; 54 (54)           ; 0 (0)        ; 0                 ; 0            ; 0       ; 0         ; 0         ; 0         ; 0    ; 0            ; |mp1|datapath:Datapath|mux4:regfilemux ; work         ;
;       |plus2:_plus2|       ; 15 (15)           ; 0 (0)        ; 0                 ; 0            ; 0       ; 0         ; 0         ; 0         ; 0    ; 0            ; |mp1|datapath:Datapath|plus2:_plus2    ; work         ;
;       |regfile:REGFILE|    ; 72 (72)           ; 128 (128)    ; 0                 ; 0            ; 0       ; 0         ; 0         ; 0         ; 0    ; 0            ; |mp1|datapath:Datapath|regfile:REGFILE ; work         ;
;       |register:CC|        ; 0 (0)             ; 3 (3)        ; 0                 ; 0            ; 0       ; 0         ; 0         ; 0         ; 0    ; 0            ; |mp1|datapath:Datapath|register:CC     ; work         ;
;       |register:MAR|       ; 0 (0)             ; 16 (16)      ; 0                 ; 0            ; 0       ; 0         ; 0         ; 0         ; 0    ; 0            ; |mp1|datapath:Datapath|register:MAR    ; work         ;
;       |register:MDR|       ; 1 (1)             ; 16 (16)      ; 0                 ; 0            ; 0       ; 0         ; 0         ; 0         ; 0    ; 0            ; |mp1|datapath:Datapath|register:MDR    ; work         ;
;       |register:pc|        ; 1 (1)             ; 16 (16)      ; 0                 ; 0            ; 0       ; 0         ; 0         ; 0         ; 0    ; 0            ; |mp1|datapath:Datapath|register:pc     ; work         ;
+----------------------------+-------------------+--------------+-------------------+--------------+---------+-----------+-----------+-----------+------+--------------+----------------------------------------+--------------+
Note: For table entries with two numbers listed, the numbers in parentheses indicate the number of resources of the given type used by the specific entity alone. The numbers listed outside of parentheses indicate the total resources of the given type used by the specific entity and all of its sub-entities in the hierarchy.


Encoding Type:  One-Hot
+------------------------------------------------------------------------------------------------------------------------------------------------------------------------------------------------------------------------------------------------------------------------------------------------------------------------------------------------------------------------------------------------------------------------------------------------------------------------------------+
; State Machine - |mp1|control:Control|state                                                                                                                                                                                                                                                                                                                                                                                                                                         ;
+-----------------+-----------------+----------------+-----------------+----------------+-------------+-------------+------------+-----------+------------+------------+------------+------------+------------+------------+------------+------------+-----------+-----------+------------+------------+------------+------------+-----------------+----------------+----------+-------------+-------------+-------------+--------------+--------------+--------------+--------------+
; Name            ; state.stb2_even ; state.stb2_odd ; state.stb1_even ; state.stb1_odd ; state.rshfa ; state.rshfl ; state.lshf ; state.shf ; state.ldi4 ; state.ldi3 ; state.ldi2 ; state.ldi1 ; state.ldb2 ; state.ldb1 ; state.jsr2 ; state.jsr1 ; state.lea ; state.jmp ; state.str2 ; state.str1 ; state.ldr2 ; state.ldr1 ; state.calc_addr ; state.br_taken ; state.br ; state.s_not ; state.s_and ; state.s_add ; state.decode ; state.fetch3 ; state.fetch2 ; state.fetch1 ;
+-----------------+-----------------+----------------+-----------------+----------------+-------------+-------------+------------+-----------+------------+------------+------------+------------+------------+------------+------------+------------+-----------+-----------+------------+------------+------------+------------+-----------------+----------------+----------+-------------+-------------+-------------+--------------+--------------+--------------+--------------+
; state.fetch1    ; 0               ; 0              ; 0               ; 0              ; 0           ; 0           ; 0          ; 0         ; 0          ; 0          ; 0          ; 0          ; 0          ; 0          ; 0          ; 0          ; 0         ; 0         ; 0          ; 0          ; 0          ; 0          ; 0               ; 0              ; 0        ; 0           ; 0           ; 0           ; 0            ; 0            ; 0            ; 0            ;
; state.fetch2    ; 0               ; 0              ; 0               ; 0              ; 0           ; 0           ; 0          ; 0         ; 0          ; 0          ; 0          ; 0          ; 0          ; 0          ; 0          ; 0          ; 0         ; 0         ; 0          ; 0          ; 0          ; 0          ; 0               ; 0              ; 0        ; 0           ; 0           ; 0           ; 0            ; 0            ; 1            ; 1            ;
; state.fetch3    ; 0               ; 0              ; 0               ; 0              ; 0           ; 0           ; 0          ; 0         ; 0          ; 0          ; 0          ; 0          ; 0          ; 0          ; 0          ; 0          ; 0         ; 0         ; 0          ; 0          ; 0          ; 0          ; 0               ; 0              ; 0        ; 0           ; 0           ; 0           ; 0            ; 1            ; 0            ; 1            ;
; state.decode    ; 0               ; 0              ; 0               ; 0              ; 0           ; 0           ; 0          ; 0         ; 0          ; 0          ; 0          ; 0          ; 0          ; 0          ; 0          ; 0          ; 0         ; 0         ; 0          ; 0          ; 0          ; 0          ; 0               ; 0              ; 0        ; 0           ; 0           ; 0           ; 1            ; 0            ; 0            ; 1            ;
; state.s_add     ; 0               ; 0              ; 0               ; 0              ; 0           ; 0           ; 0          ; 0         ; 0          ; 0          ; 0          ; 0          ; 0          ; 0          ; 0          ; 0          ; 0         ; 0         ; 0          ; 0          ; 0          ; 0          ; 0               ; 0              ; 0        ; 0           ; 0           ; 1           ; 0            ; 0            ; 0            ; 1            ;
; state.s_and     ; 0               ; 0              ; 0               ; 0              ; 0           ; 0           ; 0          ; 0         ; 0          ; 0          ; 0          ; 0          ; 0          ; 0          ; 0          ; 0          ; 0         ; 0         ; 0          ; 0          ; 0          ; 0          ; 0               ; 0              ; 0        ; 0           ; 1           ; 0           ; 0            ; 0            ; 0            ; 1            ;
; state.s_not     ; 0               ; 0              ; 0               ; 0              ; 0           ; 0           ; 0          ; 0         ; 0          ; 0          ; 0          ; 0          ; 0          ; 0          ; 0          ; 0          ; 0         ; 0         ; 0          ; 0          ; 0          ; 0          ; 0               ; 0              ; 0        ; 1           ; 0           ; 0           ; 0            ; 0            ; 0            ; 1            ;
; state.br        ; 0               ; 0              ; 0               ; 0              ; 0           ; 0           ; 0          ; 0         ; 0          ; 0          ; 0          ; 0          ; 0          ; 0          ; 0          ; 0          ; 0         ; 0         ; 0          ; 0          ; 0          ; 0          ; 0               ; 0              ; 1        ; 0           ; 0           ; 0           ; 0            ; 0            ; 0            ; 1            ;
; state.br_taken  ; 0               ; 0              ; 0               ; 0              ; 0           ; 0           ; 0          ; 0         ; 0          ; 0          ; 0          ; 0          ; 0          ; 0          ; 0          ; 0          ; 0         ; 0         ; 0          ; 0          ; 0          ; 0          ; 0               ; 1              ; 0        ; 0           ; 0           ; 0           ; 0            ; 0            ; 0            ; 1            ;
; state.calc_addr ; 0               ; 0              ; 0               ; 0              ; 0           ; 0           ; 0          ; 0         ; 0          ; 0          ; 0          ; 0          ; 0          ; 0          ; 0          ; 0          ; 0         ; 0         ; 0          ; 0          ; 0          ; 0          ; 1               ; 0              ; 0        ; 0           ; 0           ; 0           ; 0            ; 0            ; 0            ; 1            ;
; state.ldr1      ; 0               ; 0              ; 0               ; 0              ; 0           ; 0           ; 0          ; 0         ; 0          ; 0          ; 0          ; 0          ; 0          ; 0          ; 0          ; 0          ; 0         ; 0         ; 0          ; 0          ; 0          ; 1          ; 0               ; 0              ; 0        ; 0           ; 0           ; 0           ; 0            ; 0            ; 0            ; 1            ;
; state.ldr2      ; 0               ; 0              ; 0               ; 0              ; 0           ; 0           ; 0          ; 0         ; 0          ; 0          ; 0          ; 0          ; 0          ; 0          ; 0          ; 0          ; 0         ; 0         ; 0          ; 0          ; 1          ; 0          ; 0               ; 0              ; 0        ; 0           ; 0           ; 0           ; 0            ; 0            ; 0            ; 1            ;
; state.str1      ; 0               ; 0              ; 0               ; 0              ; 0           ; 0           ; 0          ; 0         ; 0          ; 0          ; 0          ; 0          ; 0          ; 0          ; 0          ; 0          ; 0         ; 0         ; 0          ; 1          ; 0          ; 0          ; 0               ; 0              ; 0        ; 0           ; 0           ; 0           ; 0            ; 0            ; 0            ; 1            ;
; state.str2      ; 0               ; 0              ; 0               ; 0              ; 0           ; 0           ; 0          ; 0         ; 0          ; 0          ; 0          ; 0          ; 0          ; 0          ; 0          ; 0          ; 0         ; 0         ; 1          ; 0          ; 0          ; 0          ; 0               ; 0              ; 0        ; 0           ; 0           ; 0           ; 0            ; 0            ; 0            ; 1            ;
; state.jmp       ; 0               ; 0              ; 0               ; 0              ; 0           ; 0           ; 0          ; 0         ; 0          ; 0          ; 0          ; 0          ; 0          ; 0          ; 0          ; 0          ; 0         ; 1         ; 0          ; 0          ; 0          ; 0          ; 0               ; 0              ; 0        ; 0           ; 0           ; 0           ; 0            ; 0            ; 0            ; 1            ;
; state.lea       ; 0               ; 0              ; 0               ; 0              ; 0           ; 0           ; 0          ; 0         ; 0          ; 0          ; 0          ; 0          ; 0          ; 0          ; 0          ; 0          ; 1         ; 0         ; 0          ; 0          ; 0          ; 0          ; 0               ; 0              ; 0        ; 0           ; 0           ; 0           ; 0            ; 0            ; 0            ; 1            ;
; state.jsr1      ; 0               ; 0              ; 0               ; 0              ; 0           ; 0           ; 0          ; 0         ; 0          ; 0          ; 0          ; 0          ; 0          ; 0          ; 0          ; 1          ; 0         ; 0         ; 0          ; 0          ; 0          ; 0          ; 0               ; 0              ; 0        ; 0           ; 0           ; 0           ; 0            ; 0            ; 0            ; 1            ;
; state.jsr2      ; 0               ; 0              ; 0               ; 0              ; 0           ; 0           ; 0          ; 0         ; 0          ; 0          ; 0          ; 0          ; 0          ; 0          ; 1          ; 0          ; 0         ; 0         ; 0          ; 0          ; 0          ; 0          ; 0               ; 0              ; 0        ; 0           ; 0           ; 0           ; 0            ; 0            ; 0            ; 1            ;
; state.ldb1      ; 0               ; 0              ; 0               ; 0              ; 0           ; 0           ; 0          ; 0         ; 0          ; 0          ; 0          ; 0          ; 0          ; 1          ; 0          ; 0          ; 0         ; 0         ; 0          ; 0          ; 0          ; 0          ; 0               ; 0              ; 0        ; 0           ; 0           ; 0           ; 0            ; 0            ; 0            ; 1            ;
; state.ldb2      ; 0               ; 0              ; 0               ; 0              ; 0           ; 0           ; 0          ; 0         ; 0          ; 0          ; 0          ; 0          ; 1          ; 0          ; 0          ; 0          ; 0         ; 0         ; 0          ; 0          ; 0          ; 0          ; 0               ; 0              ; 0        ; 0           ; 0           ; 0           ; 0            ; 0            ; 0            ; 1            ;
; state.ldi1      ; 0               ; 0              ; 0               ; 0              ; 0           ; 0           ; 0          ; 0         ; 0          ; 0          ; 0          ; 1          ; 0          ; 0          ; 0          ; 0          ; 0         ; 0         ; 0          ; 0          ; 0          ; 0          ; 0               ; 0              ; 0        ; 0           ; 0           ; 0           ; 0            ; 0            ; 0            ; 1            ;
; state.ldi2      ; 0               ; 0              ; 0               ; 0              ; 0           ; 0           ; 0          ; 0         ; 0          ; 0          ; 1          ; 0          ; 0          ; 0          ; 0          ; 0          ; 0         ; 0         ; 0          ; 0          ; 0          ; 0          ; 0               ; 0              ; 0        ; 0           ; 0           ; 0           ; 0            ; 0            ; 0            ; 1            ;
; state.ldi3      ; 0               ; 0              ; 0               ; 0              ; 0           ; 0           ; 0          ; 0         ; 0          ; 1          ; 0          ; 0          ; 0          ; 0          ; 0          ; 0          ; 0         ; 0         ; 0          ; 0          ; 0          ; 0          ; 0               ; 0              ; 0        ; 0           ; 0           ; 0           ; 0            ; 0            ; 0            ; 1            ;
; state.ldi4      ; 0               ; 0              ; 0               ; 0              ; 0           ; 0           ; 0          ; 0         ; 1          ; 0          ; 0          ; 0          ; 0          ; 0          ; 0          ; 0          ; 0         ; 0         ; 0          ; 0          ; 0          ; 0          ; 0               ; 0              ; 0        ; 0           ; 0           ; 0           ; 0            ; 0            ; 0            ; 1            ;
; state.shf       ; 0               ; 0              ; 0               ; 0              ; 0           ; 0           ; 0          ; 1         ; 0          ; 0          ; 0          ; 0          ; 0          ; 0          ; 0          ; 0          ; 0         ; 0         ; 0          ; 0          ; 0          ; 0          ; 0               ; 0              ; 0        ; 0           ; 0           ; 0           ; 0            ; 0            ; 0            ; 1            ;
; state.lshf      ; 0               ; 0              ; 0               ; 0              ; 0           ; 0           ; 1          ; 0         ; 0          ; 0          ; 0          ; 0          ; 0          ; 0          ; 0          ; 0          ; 0         ; 0         ; 0          ; 0          ; 0          ; 0          ; 0               ; 0              ; 0        ; 0           ; 0           ; 0           ; 0            ; 0            ; 0            ; 1            ;
; state.rshfl     ; 0               ; 0              ; 0               ; 0              ; 0           ; 1           ; 0          ; 0         ; 0          ; 0          ; 0          ; 0          ; 0          ; 0          ; 0          ; 0          ; 0         ; 0         ; 0          ; 0          ; 0          ; 0          ; 0               ; 0              ; 0        ; 0           ; 0           ; 0           ; 0            ; 0            ; 0            ; 1            ;
; state.rshfa     ; 0               ; 0              ; 0               ; 0              ; 1           ; 0           ; 0          ; 0         ; 0          ; 0          ; 0          ; 0          ; 0          ; 0          ; 0          ; 0          ; 0         ; 0         ; 0          ; 0          ; 0          ; 0          ; 0               ; 0              ; 0        ; 0           ; 0           ; 0           ; 0            ; 0            ; 0            ; 1            ;
; state.stb1_odd  ; 0               ; 0              ; 0               ; 1              ; 0           ; 0           ; 0          ; 0         ; 0          ; 0          ; 0          ; 0          ; 0          ; 0          ; 0          ; 0          ; 0         ; 0         ; 0          ; 0          ; 0          ; 0          ; 0               ; 0              ; 0        ; 0           ; 0           ; 0           ; 0            ; 0            ; 0            ; 1            ;
; state.stb1_even ; 0               ; 0              ; 1               ; 0              ; 0           ; 0           ; 0          ; 0         ; 0          ; 0          ; 0          ; 0          ; 0          ; 0          ; 0          ; 0          ; 0         ; 0         ; 0          ; 0          ; 0          ; 0          ; 0               ; 0              ; 0        ; 0           ; 0           ; 0           ; 0            ; 0            ; 0            ; 1            ;
; state.stb2_odd  ; 0               ; 1              ; 0               ; 0              ; 0           ; 0           ; 0          ; 0         ; 0          ; 0          ; 0          ; 0          ; 0          ; 0          ; 0          ; 0          ; 0         ; 0         ; 0          ; 0          ; 0          ; 0          ; 0               ; 0              ; 0        ; 0           ; 0           ; 0           ; 0            ; 0            ; 0            ; 1            ;
; state.stb2_even ; 1               ; 0              ; 0               ; 0              ; 0           ; 0           ; 0          ; 0         ; 0          ; 0          ; 0          ; 0          ; 0          ; 0          ; 0          ; 0          ; 0         ; 0         ; 0          ; 0          ; 0          ; 0          ; 0               ; 0              ; 0        ; 0           ; 0           ; 0           ; 0            ; 0            ; 0            ; 1            ;
+-----------------+-----------------+----------------+-----------------+----------------+-------------+-------------+------------+-----------+------------+------------+------------+------------+------------+------------+------------+------------+-----------+-----------+------------+------------+------------+------------+-----------------+----------------+----------+-------------+-------------+-------------+--------------+--------------+--------------+--------------+


+-------------------------------------------------------------+
; Registers Removed During Synthesis                          ;
+----------------------------------------+--------------------+
; Register name                          ; Reason for Removal ;
+----------------------------------------+--------------------+
; control:Control|state~2                ; Lost fanout        ;
; control:Control|state~3                ; Lost fanout        ;
; control:Control|state~4                ; Lost fanout        ;
; control:Control|state~5                ; Lost fanout        ;
; control:Control|state~6                ; Lost fanout        ;
; control:Control|state~7                ; Lost fanout        ;
; control:Control|state~8                ; Lost fanout        ;
; control:Control|state~9                ; Lost fanout        ;
; control:Control|state~10               ; Lost fanout        ;
; control:Control|state~11               ; Lost fanout        ;
; control:Control|state~12               ; Lost fanout        ;
; control:Control|state~13               ; Lost fanout        ;
; control:Control|state~14               ; Lost fanout        ;
; control:Control|state~15               ; Lost fanout        ;
; control:Control|state~16               ; Lost fanout        ;
; control:Control|state~17               ; Lost fanout        ;
; control:Control|state~18               ; Lost fanout        ;
; control:Control|state~19               ; Lost fanout        ;
; control:Control|state~20               ; Lost fanout        ;
; control:Control|state~21               ; Lost fanout        ;
; control:Control|state~22               ; Lost fanout        ;
; control:Control|state~23               ; Lost fanout        ;
; control:Control|state~24               ; Lost fanout        ;
; control:Control|state~25               ; Lost fanout        ;
; control:Control|state~26               ; Lost fanout        ;
; control:Control|state~27               ; Lost fanout        ;
; control:Control|state~28               ; Lost fanout        ;
; control:Control|state~29               ; Lost fanout        ;
; control:Control|state~30               ; Lost fanout        ;
; control:Control|state~31               ; Lost fanout        ;
; control:Control|state~32               ; Lost fanout        ;
; control:Control|state~33               ; Lost fanout        ;
; Total Number of Removed Registers = 32 ;                    ;
+----------------------------------------+--------------------+


+------------------------------------------------------+
; General Register Statistics                          ;
+----------------------------------------------+-------+
; Statistic                                    ; Value ;
+----------------------------------------------+-------+
; Total registers                              ; 227   ;
; Number of registers using Synchronous Clear  ; 16    ;
; Number of registers using Synchronous Load   ; 32    ;
; Number of registers using Asynchronous Clear ; 0     ;
; Number of registers using Asynchronous Load  ; 0     ;
; Number of registers using Clock Enable       ; 194   ;
; Number of registers using Preset             ; 0     ;
+----------------------------------------------+-------+


+------------------------------------------------------------------------------------------------------------------------------------------------------------+
; Multiplexer Restructuring Statistics (Restructuring Performed)                                                                                             ;
+--------------------+-----------+---------------+----------------------+------------------------+------------+----------------------------------------------+
; Multiplexer Inputs ; Bus Width ; Baseline Area ; Area if Restructured ; Saving if Restructured ; Registered ; Example Multiplexer Output                   ;
+--------------------+-----------+---------------+----------------------+------------------------+------------+----------------------------------------------+
; 3:1                ; 8 bits    ; 16 ALUTs      ; 0 ALUTs              ; 16 ALUTs               ; Yes        ; |mp1|datapath:Datapath|register:MDR|data[11] ;
; 3:1                ; 8 bits    ; 16 ALUTs      ; 0 ALUTs              ; 16 ALUTs               ; Yes        ; |mp1|datapath:Datapath|register:MDR|data[7]  ;
; 3:1                ; 16 bits   ; 32 ALUTs      ; 32 ALUTs             ; 0 ALUTs                ; Yes        ; |mp1|datapath:Datapath|register:MAR|data[8]  ;
; 4:1                ; 15 bits   ; 30 ALUTs      ; 30 ALUTs             ; 0 ALUTs                ; Yes        ; |mp1|datapath:Datapath|register:pc|data[9]   ;
; 3:1                ; 2 bits    ; 4 ALUTs       ; 4 ALUTs              ; 0 ALUTs                ; No         ; |mp1|datapath:Datapath|alu:ALU|ShiftRight0   ;
; 3:1                ; 4 bits    ; 8 ALUTs       ; 8 ALUTs              ; 0 ALUTs                ; No         ; |mp1|datapath:Datapath|alu:ALU|ShiftLeft0    ;
; 4:1                ; 2 bits    ; 4 ALUTs       ; 4 ALUTs              ; 0 ALUTs                ; No         ; |mp1|datapath:Datapath|mux3:alumux|f[5]      ;
; 4:1                ; 3 bits    ; 6 ALUTs       ; 6 ALUTs              ; 0 ALUTs                ; No         ; |mp1|datapath:Datapath|mux3:alumux|f[1]      ;
; 6:1                ; 10 bits   ; 40 ALUTs      ; 40 ALUTs             ; 0 ALUTs                ; No         ; |mp1|control:Control|next_states             ;
; 6:1                ; 2 bits    ; 8 ALUTs       ; 8 ALUTs              ; 0 ALUTs                ; No         ; |mp1|control:Control|next_states             ;
; 8:1                ; 8 bits    ; 40 ALUTs      ; 40 ALUTs             ; 0 ALUTs                ; No         ; |mp1|datapath:Datapath|mux4:regfilemux|f[14] ;
; 9:1                ; 7 bits    ; 42 ALUTs      ; 35 ALUTs             ; 7 ALUTs                ; No         ; |mp1|datapath:Datapath|mux4:regfilemux|f[7]  ;
; 10:1               ; 2 bits    ; 12 ALUTs      ; 12 ALUTs             ; 0 ALUTs                ; No         ; |mp1|control:Control|Selector25              ;
; 10:1               ; 2 bits    ; 12 ALUTs      ; 12 ALUTs             ; 0 ALUTs                ; No         ; |mp1|control:Control|Selector33              ;
; 10:1               ; 2 bits    ; 12 ALUTs      ; 12 ALUTs             ; 0 ALUTs                ; No         ; |mp1|control:Control|Selector34              ;
; 11:1               ; 2 bits    ; 14 ALUTs      ; 12 ALUTs             ; 2 ALUTs                ; No         ; |mp1|control:Control|Selector41              ;
; 13:1               ; 2 bits    ; 16 ALUTs      ; 16 ALUTs             ; 0 ALUTs                ; No         ; |mp1|datapath:Datapath|alu:ALU|Selector6     ;
; 14:1               ; 2 bits    ; 18 ALUTs      ; 18 ALUTs             ; 0 ALUTs                ; No         ; |mp1|datapath:Datapath|alu:ALU|Selector14    ;
; 15:1               ; 2 bits    ; 20 ALUTs      ; 18 ALUTs             ; 2 ALUTs                ; No         ; |mp1|datapath:Datapath|alu:ALU|Selector2     ;
; 16:1               ; 2 bits    ; 20 ALUTs      ; 20 ALUTs             ; 0 ALUTs                ; No         ; |mp1|datapath:Datapath|alu:ALU|Selector10    ;
+--------------------+-----------+---------------+----------------------+------------------------+------------+----------------------------------------------+


+------------------------------------------------------------------------------+
; Parameter Settings for User Entity Instance: datapath:Datapath|mux2:storemux ;
+----------------+-------+-----------------------------------------------------+
; Parameter Name ; Value ; Type                                                ;
+----------------+-------+-----------------------------------------------------+
; width          ; 3     ; Signed Integer                                      ;
+----------------+-------+-----------------------------------------------------+
Note: In order to hide this table in the UI and the text report file, please set the "Show Parameter Settings in Synthesis Report" option in "Analysis and Synthesis Settings -> More Settings" to "Off".


+---------------------------------------------------------------------------+
; Parameter Settings for User Entity Instance: datapath:Datapath|mux4:pcmux ;
+----------------+-------+--------------------------------------------------+
; Parameter Name ; Value ; Type                                             ;
+----------------+-------+--------------------------------------------------+
; width          ; 16    ; Signed Integer                                   ;
+----------------+-------+--------------------------------------------------+
Note: In order to hide this table in the UI and the text report file, please set the "Show Parameter Settings in Synthesis Report" option in "Analysis and Synthesis Settings -> More Settings" to "Off".


+-----------------------------------------------------------------------------+
; Parameter Settings for User Entity Instance: datapath:Datapath|plus2:_plus2 ;
+----------------+-------+----------------------------------------------------+
; Parameter Name ; Value ; Type                                               ;
+----------------+-------+----------------------------------------------------+
; width          ; 16    ; Signed Integer                                     ;
+----------------+-------+----------------------------------------------------+
Note: In order to hide this table in the UI and the text report file, please set the "Show Parameter Settings in Synthesis Report" option in "Analysis and Synthesis Settings -> More Settings" to "Off".


+----------------------------------------------------------------------------+
; Parameter Settings for User Entity Instance: datapath:Datapath|register:pc ;
+----------------+-------+---------------------------------------------------+
; Parameter Name ; Value ; Type                                              ;
+----------------+-------+---------------------------------------------------+
; width          ; 16    ; Signed Integer                                    ;
+----------------+-------+---------------------------------------------------+
Note: In order to hide this table in the UI and the text report file, please set the "Show Parameter Settings in Synthesis Report" option in "Analysis and Synthesis Settings -> More Settings" to "Off".


+-----------------------------------------------------------------------------+
; Parameter Settings for User Entity Instance: datapath:Datapath|adder:_adder ;
+----------------+-------+----------------------------------------------------+
; Parameter Name ; Value ; Type                                               ;
+----------------+-------+----------------------------------------------------+
; width          ; 16    ; Signed Integer                                     ;
+----------------+-------+----------------------------------------------------+
Note: In order to hide this table in the UI and the text report file, please set the "Show Parameter Settings in Synthesis Report" option in "Analysis and Synthesis Settings -> More Settings" to "Off".


+--------------------------------------------------------------------------+
; Parameter Settings for User Entity Instance: datapath:Datapath|adj:ADJ11 ;
+----------------+-------+-------------------------------------------------+
; Parameter Name ; Value ; Type                                            ;
+----------------+-------+-------------------------------------------------+
; width          ; 11    ; Signed Integer                                  ;
+----------------+-------+-------------------------------------------------+
Note: In order to hide this table in the UI and the text report file, please set the "Show Parameter Settings in Synthesis Report" option in "Analysis and Synthesis Settings -> More Settings" to "Off".


+-------------------------------------------------------------------------+
; Parameter Settings for User Entity Instance: datapath:Datapath|adj:ADJ9 ;
+----------------+-------+------------------------------------------------+
; Parameter Name ; Value ; Type                                           ;
+----------------+-------+------------------------------------------------+
; width          ; 9     ; Signed Integer                                 ;
+----------------+-------+------------------------------------------------+
Note: In order to hide this table in the UI and the text report file, please set the "Show Parameter Settings in Synthesis Report" option in "Analysis and Synthesis Settings -> More Settings" to "Off".


+------------------------------------------------------------------------------+
; Parameter Settings for User Entity Instance: datapath:Datapath|adder:_adder2 ;
+----------------+-------+-----------------------------------------------------+
; Parameter Name ; Value ; Type                                                ;
+----------------+-------+-----------------------------------------------------+
; width          ; 16    ; Signed Integer                                      ;
+----------------+-------+-----------------------------------------------------+
Note: In order to hide this table in the UI and the text report file, please set the "Show Parameter Settings in Synthesis Report" option in "Analysis and Synthesis Settings -> More Settings" to "Off".


+----------------------------------------------------------------------------+
; Parameter Settings for User Entity Instance: datapath:Datapath|mux3:marmux ;
+----------------+-------+---------------------------------------------------+
; Parameter Name ; Value ; Type                                              ;
+----------------+-------+---------------------------------------------------+
; width          ; 16    ; Signed Integer                                    ;
+----------------+-------+---------------------------------------------------+
Note: In order to hide this table in the UI and the text report file, please set the "Show Parameter Settings in Synthesis Report" option in "Analysis and Synthesis Settings -> More Settings" to "Off".


+-----------------------------------------------------------------------------+
; Parameter Settings for User Entity Instance: datapath:Datapath|register:MAR ;
+----------------+-------+----------------------------------------------------+
; Parameter Name ; Value ; Type                                               ;
+----------------+-------+----------------------------------------------------+
; width          ; 16    ; Signed Integer                                     ;
+----------------+-------+----------------------------------------------------+
Note: In order to hide this table in the UI and the text report file, please set the "Show Parameter Settings in Synthesis Report" option in "Analysis and Synthesis Settings -> More Settings" to "Off".


+----------------------------------------------------------------------------+
; Parameter Settings for User Entity Instance: datapath:Datapath|mux2:mdrmux ;
+----------------+-------+---------------------------------------------------+
; Parameter Name ; Value ; Type                                              ;
+----------------+-------+---------------------------------------------------+
; width          ; 16    ; Signed Integer                                    ;
+----------------+-------+---------------------------------------------------+
Note: In order to hide this table in the UI and the text report file, please set the "Show Parameter Settings in Synthesis Report" option in "Analysis and Synthesis Settings -> More Settings" to "Off".


+-----------------------------------------------------------------------------+
; Parameter Settings for User Entity Instance: datapath:Datapath|register:MDR ;
+----------------+-------+----------------------------------------------------+
; Parameter Name ; Value ; Type                                               ;
+----------------+-------+----------------------------------------------------+
; width          ; 16    ; Signed Integer                                     ;
+----------------+-------+----------------------------------------------------+
Note: In order to hide this table in the UI and the text report file, please set the "Show Parameter Settings in Synthesis Report" option in "Analysis and Synthesis Settings -> More Settings" to "Off".


+--------------------------------------------------------------------------------+
; Parameter Settings for User Entity Instance: datapath:Datapath|mux4:regfilemux ;
+----------------+-------+-------------------------------------------------------+
; Parameter Name ; Value ; Type                                                  ;
+----------------+-------+-------------------------------------------------------+
; width          ; 16    ; Signed Integer                                        ;
+----------------+-------+-------------------------------------------------------+
Note: In order to hide this table in the UI and the text report file, please set the "Show Parameter Settings in Synthesis Report" option in "Analysis and Synthesis Settings -> More Settings" to "Off".


+----------------------------------------------------------------------------+
; Parameter Settings for User Entity Instance: datapath:Datapath|register:CC ;
+----------------+-------+---------------------------------------------------+
; Parameter Name ; Value ; Type                                              ;
+----------------+-------+---------------------------------------------------+
; width          ; 3     ; Signed Integer                                    ;
+----------------+-------+---------------------------------------------------+
Note: In order to hide this table in the UI and the text report file, please set the "Show Parameter Settings in Synthesis Report" option in "Analysis and Synthesis Settings -> More Settings" to "Off".


+------------------------------------------------------------------------------+
; Parameter Settings for User Entity Instance: datapath:Datapath|cccomp:CCCOMP ;
+----------------+-------+-----------------------------------------------------+
; Parameter Name ; Value ; Type                                                ;
+----------------+-------+-----------------------------------------------------+
; width          ; 3     ; Signed Integer                                      ;
+----------------+-------+-----------------------------------------------------+
Note: In order to hide this table in the UI and the text report file, please set the "Show Parameter Settings in Synthesis Report" option in "Analysis and Synthesis Settings -> More Settings" to "Off".


+-------------------------------------------------------------------------+
; Parameter Settings for User Entity Instance: datapath:Datapath|adj:ADJ6 ;
+----------------+-------+------------------------------------------------+
; Parameter Name ; Value ; Type                                           ;
+----------------+-------+------------------------------------------------+
; width          ; 6     ; Signed Integer                                 ;
+----------------+-------+------------------------------------------------+
Note: In order to hide this table in the UI and the text report file, please set the "Show Parameter Settings in Synthesis Report" option in "Analysis and Synthesis Settings -> More Settings" to "Off".


+--------------------------------------------------------------------------------------+
; Parameter Settings for User Entity Instance: datapath:Datapath|adj_imm:adj6_no_shift ;
+----------------+-------+-------------------------------------------------------------+
; Parameter Name ; Value ; Type                                                        ;
+----------------+-------+-------------------------------------------------------------+
; width          ; 6     ; Signed Integer                                              ;
+----------------+-------+-------------------------------------------------------------+
Note: In order to hide this table in the UI and the text report file, please set the "Show Parameter Settings in Synthesis Report" option in "Analysis and Synthesis Settings -> More Settings" to "Off".


+----------------------------------------------------------------------------+
; Parameter Settings for User Entity Instance: datapath:Datapath|mux2:adjmux ;
+----------------+-------+---------------------------------------------------+
; Parameter Name ; Value ; Type                                              ;
+----------------+-------+---------------------------------------------------+
; width          ; 16    ; Signed Integer                                    ;
+----------------+-------+---------------------------------------------------+
Note: In order to hide this table in the UI and the text report file, please set the "Show Parameter Settings in Synthesis Report" option in "Analysis and Synthesis Settings -> More Settings" to "Off".


+----------------------------------------------------------------------------+
; Parameter Settings for User Entity Instance: datapath:Datapath|mux3:alumux ;
+----------------+-------+---------------------------------------------------+
; Parameter Name ; Value ; Type                                              ;
+----------------+-------+---------------------------------------------------+
; width          ; 16    ; Signed Integer                                    ;
+----------------+-------+---------------------------------------------------+
Note: In order to hide this table in the UI and the text report file, please set the "Show Parameter Settings in Synthesis Report" option in "Analysis and Synthesis Settings -> More Settings" to "Off".


+-----------------------------------------------------------------------------+
; Parameter Settings for User Entity Instance: datapath:Datapath|adj_imm:ADJ5 ;
+----------------+-------+----------------------------------------------------+
; Parameter Name ; Value ; Type                                               ;
+----------------+-------+----------------------------------------------------+
; width          ; 5     ; Signed Integer                                     ;
+----------------+-------+----------------------------------------------------+
Note: In order to hide this table in the UI and the text report file, please set the "Show Parameter Settings in Synthesis Report" option in "Analysis and Synthesis Settings -> More Settings" to "Off".


+--------------------------------------------------------------------------+
; Parameter Settings for User Entity Instance: datapath:Datapath|mask:Mask ;
+----------------+-------+-------------------------------------------------+
; Parameter Name ; Value ; Type                                            ;
+----------------+-------+-------------------------------------------------+
; width          ; 16    ; Signed Integer                                  ;
+----------------+-------+-------------------------------------------------+
Note: In order to hide this table in the UI and the text report file, please set the "Show Parameter Settings in Synthesis Report" option in "Analysis and Synthesis Settings -> More Settings" to "Off".


+----------------------------------------------------------------------------------------------+
; Parameter Settings for User Entity Instance: datapath:Datapath|stb_shifter:alu_out_to_mdrmux ;
+----------------+-------+---------------------------------------------------------------------+
; Parameter Name ; Value ; Type                                                                ;
+----------------+-------+---------------------------------------------------------------------+
; width          ; 16    ; Signed Integer                                                      ;
+----------------+-------+---------------------------------------------------------------------+
Note: In order to hide this table in the UI and the text report file, please set the "Show Parameter Settings in Synthesis Report" option in "Analysis and Synthesis Settings -> More Settings" to "Off".


+-------------------------------+
; Elapsed Time Per Partition    ;
+----------------+--------------+
; Partition Name ; Elapsed Time ;
+----------------+--------------+
; Top            ; 00:00:02     ;
+----------------+--------------+


+-------------------------------+
; Analysis & Synthesis Messages ;
+-------------------------------+
Info: *******************************************************************
Info: Running Quartus II 32-bit Analysis & Synthesis
    Info: Version 13.1.4 Build 182 03/12/2014 SJ Full Version
    Info: Processing started: Fri Sep 15 20:27:58 2017
Info: Command: quartus_map --read_settings_files=on --write_settings_files=off mp1 -c mp1
Info (20030): Parallel compilation is enabled and will use 4 of the 4 processors detected
Info (12021): Found 1 design units, including 1 entities, in source file memory.sv
    Info (12023): Found entity 1: memory
Info (12021): Found 1 design units, including 1 entities, in source file mp1_tb.sv
    Info (12023): Found entity 1: mp1_tb
Info (12021): Found 1 design units, including 1 entities, in source file magic_memory.sv
    Info (12023): Found entity 1: magic_memory
Info (12021): Found 1 design units, including 0 entities, in source file lc3b_types.sv
    Info (12022): Found design unit 1: lc3b_types (SystemVerilog)
Info (12021): Found 1 design units, including 1 entities, in source file adj.sv
    Info (12023): Found entity 1: adj
Info (12021): Found 1 design units, including 1 entities, in source file alu.sv
    Info (12023): Found entity 1: alu
Info (12021): Found 1 design units, including 1 entities, in source file control.sv
    Info (12023): Found entity 1: control
Info (12021): Found 1 design units, including 1 entities, in source file datapath.sv
    Info (12023): Found entity 1: datapath
Info (12021): Found 1 design units, including 1 entities, in source file gencc.sv
    Info (12023): Found entity 1: gencc
Info (12021): Found 1 design units, including 1 entities, in source file ir.sv
    Info (12023): Found entity 1: ir
Info (12021): Found 1 design units, including 1 entities, in source file mp1.sv
    Info (12023): Found entity 1: mp1
Info (12021): Found 1 design units, including 1 entities, in source file plus2.sv
    Info (12023): Found entity 1: plus2
Info (12021): Found 1 design units, including 1 entities, in source file regfile.sv
    Info (12023): Found entity 1: regfile
Info (12021): Found 1 design units, including 1 entities, in source file register.sv
    Info (12023): Found entity 1: register
Info (12021): Found 1 design units, including 1 entities, in source file mux2.sv
    Info (12023): Found entity 1: mux2
Info (12021): Found 1 design units, including 1 entities, in source file adder.sv
    Info (12023): Found entity 1: adder
Info (12021): Found 1 design units, including 1 entities, in source file cccomp.sv
    Info (12023): Found entity 1: cccomp
Info (12021): Found 1 design units, including 1 entities, in source file alu_imm.sv
    Info (12023): Found entity 1: alu_imm
Info (12021): Found 1 design units, including 1 entities, in source file adj_imm.sv
    Info (12023): Found entity 1: adj_imm
Info (12021): Found 1 design units, including 1 entities, in source file mux3.sv
    Info (12023): Found entity 1: mux3
Info (12021): Found 1 design units, including 1 entities, in source file mux4.sv
    Info (12023): Found entity 1: mux4
Info (12021): Found 1 design units, including 1 entities, in source file mask.sv
    Info (12023): Found entity 1: mask
Info (12021): Found 1 design units, including 1 entities, in source file byte_select.sv
    Info (12023): Found entity 1: byte_select
Info (12021): Found 1 design units, including 1 entities, in source file truncator.sv
    Info (12023): Found entity 1: truncator
Info (12021): Found 1 design units, including 1 entities, in source file stb_shifter.sv
    Info (12023): Found entity 1: stb_shifter
Info (12127): Elaborating entity "mp1" for the top level hierarchy
Info (12128): Elaborating entity "datapath" for hierarchy "datapath:Datapath"
Info (12128): Elaborating entity "mux2" for hierarchy "datapath:Datapath|mux2:storemux"
Info (12128): Elaborating entity "mux4" for hierarchy "datapath:Datapath|mux4:pcmux"
Info (12128): Elaborating entity "plus2" for hierarchy "datapath:Datapath|plus2:_plus2"
Info (12128): Elaborating entity "register" for hierarchy "datapath:Datapath|register:pc"
Info (12128): Elaborating entity "adder" for hierarchy "datapath:Datapath|adder:_adder"
Info (12128): Elaborating entity "adj" for hierarchy "datapath:Datapath|adj:ADJ11"
Info (12128): Elaborating entity "adj" for hierarchy "datapath:Datapath|adj:ADJ9"
Info (12128): Elaborating entity "mux3" for hierarchy "datapath:Datapath|mux3:marmux"
Info (12128): Elaborating entity "mux2" for hierarchy "datapath:Datapath|mux2:mdrmux"
Info (12128): Elaborating entity "mux4" for hierarchy "datapath:Datapath|mux4:regfilemux"
Info (12128): Elaborating entity "gencc" for hierarchy "datapath:Datapath|gencc:GENCC"
Info (12128): Elaborating entity "register" for hierarchy "datapath:Datapath|register:CC"
Info (12128): Elaborating entity "cccomp" for hierarchy "datapath:Datapath|cccomp:CCCOMP"
Info (12128): Elaborating entity "ir" for hierarchy "datapath:Datapath|ir:IR"
Info (12128): Elaborating entity "adj" for hierarchy "datapath:Datapath|adj:ADJ6"
Info (12128): Elaborating entity "adj_imm" for hierarchy "datapath:Datapath|adj_imm:adj6_no_shift"
Info (12128): Elaborating entity "truncator" for hierarchy "datapath:Datapath|truncator:Truncate_SR1"
Info (12128): Elaborating entity "regfile" for hierarchy "datapath:Datapath|regfile:REGFILE"
Info (12128): Elaborating entity "alu" for hierarchy "datapath:Datapath|alu:ALU"
Info (12128): Elaborating entity "adj_imm" for hierarchy "datapath:Datapath|adj_imm:ADJ5"
Info (12128): Elaborating entity "mask" for hierarchy "datapath:Datapath|mask:Mask"
Info (12128): Elaborating entity "stb_shifter" for hierarchy "datapath:Datapath|stb_shifter:alu_out_to_mdrmux"
Info (12128): Elaborating entity "control" for hierarchy "control:Control"
Info (10264): Verilog HDL Case Statement information at control.sv(114): all case item expressions in this case statement are onehot
Info (276014): Found 1 instances of uninferred RAM logic
    Info (276006): RAM logic "datapath:Datapath|regfile:REGFILE|data" is uninferred due to "logic" being set as ramstyle synthesis attribute
Info (286030): Timing-Driven Synthesis is running
Info (17049): 32 registers lost all their fanouts during netlist optimizations.
Info (144001): Generated suppressed messages file /home/zpaya2/ece411/mp1/output_files/mp1.map.smsg
Info (16010): Generating hard_block partition "hard_block:auto_generated_inst"
    Info (16011): Adding 0 node(s), including 0 DDIO, 0 PLL, 0 transceiver and 0 LCELL
Info (21057): Implemented 740 device resources after synthesis - the final resource count might be different
    Info (21058): Implemented 18 input pins
    Info (21059): Implemented 36 output pins
    Info (21061): Implemented 686 logic cells
Info: Quartus II 32-bit Analysis & Synthesis was successful. 0 errors, 0 warnings
    Info: Peak virtual memory: 445 megabytes
    Info: Processing ended: Fri Sep 15 20:28:03 2017
    Info: Elapsed time: 00:00:05
    Info: Total CPU time (on all processors): 00:00:04


+------------------------------------------+
; Analysis & Synthesis Suppressed Messages ;
+------------------------------------------+
The suppressed messages can be found in /home/zpaya2/ece411/mp1/output_files/mp1.map.smsg.


